// Jest Snapshot v1, https://goo.gl/fbAQLP

exports[`ContentTypes shoud render 1`] = `ShallowWrapper {}`;
