// Jest Snapshot v1, https://goo.gl/fbAQLP

exports[`ActionButton should render 1`] = `ShallowWrapper {}`;
