// Jest Snapshot v1, https://goo.gl/fbAQLP

exports[`CheckboxGroup should render 1`] = `ShallowWrapper {}`;
