// Jest Snapshot v1, https://goo.gl/fbAQLP

exports[`InputGroup should render 1`] = `ShallowWrapper {}`;
