// Jest Snapshot v1, https://goo.gl/fbAQLP

exports[`_app should render 1`] = `ShallowWrapper {}`;
